#-----------------------------------------------------------
# xsim v2025.2 (64-bit)
# SW Build 6299465 on Fri Nov 14 19:35:11 GMT 2025
# IP Build 6300035 on Fri Nov 14 10:48:45 MST 2025
# SharedData Build 6298862 on Thu Nov 13 04:50:51 MST 2025
# Start of session at: Sat Apr 18 03:56:40 2026
# Process ID         : 1760
# Current directory  : D:/New/CS224/CS224-Project/sim
# Command line       : xsim.exe -log stdout -mode tcl -source {xsim.dir/riscv_sim/xsim_script.tcl}
# Log file           : D:/New/CS224/CS224-Project/sim/stdout
# Journal file       : D:/New/CS224/CS224-Project/sim\xsim.jou
# Running On         : LAPTOP-U473BDC0
# Platform           : Windows Server 2016 or Windows 10
# Operating System   : 26200
# Processor Detail   : Intel(R) Core(TM) i7-14650HX
# CPU Frequency      : 2419 MHz
# CPU Physical cores : 16
# CPU Logical cores  : 24
# Host memory        : 16869 MB
# Swap memory        : 21474 MB
# Total Virtual      : 38344 MB
# Available Virtual  : 17015 MB
#-----------------------------------------------------------
source xsim.dir/riscv_sim/xsim_script.tcl
run -all
